This is pdfTeX, Version 3.141592653-2.6-1.40.28 (MiKTeX 25.12) (preloaded format=pdflatex.fmt)
 restricted \write18 enabled.
entering extended mode
(presentationTCC.tex
LaTeX2e <2025-11-01>
L3 programming layer <2025-12-24>
(C:\Users\frota\AppData\Local\Programs\MiKTeX\tex/latex/beamer\beamer.cls
Document Class: beamer 2026/01/22 v3.77 A class for typesetting presentations

(C:\Users\frota\AppData\Local\Programs\MiKTeX\tex/latex/beamer\beamerbasemodes.
sty
(C:\Users\frota\AppData\Local\Programs\MiKTeX\tex/latex/etoolbox\etoolbox.sty)
(C:\Users\frota\AppData\Local\Programs\MiKTeX\tex/latex/beamer\beamerbasedecode
.sty))
(C:\Users\frota\AppData\Local\Programs\MiKTeX\tex/generic/iftex\iftex.sty)
(C:\Users\frota\AppData\Local\Programs\MiKTeX\tex/latex/beamer\beamerbaseoption
s.sty
(C:\Users\frota\AppData\Local\Programs\MiKTeX\tex/latex/graphics\keyval.sty))
(C:\Users\frota\AppData\Local\Programs\MiKTeX\tex/latex/geometry\geometry.sty
(C:\Users\frota\AppData\Local\Programs\MiKTeX\tex/generic/iftex\ifvtex.sty)
(C:\Users\frota\AppData\Local\Programs\MiKTeX\tex/latex/geometry\geometry.cfg))
(C:\Users\frota\AppData\Local\Programs\MiKTeX\tex/latex/pgf/math\pgfmath.sty
(C:\Users\frota\AppData\Local\Programs\MiKTeX\tex/latex/pgf/utilities\pgfrcs.st
y
(C:\Users\frota\AppData\Local\Programs\MiKTeX\tex/generic/pgf/utilities\pgfutil
-common.tex)
(C:\Users\frota\AppData\Local\Programs\MiKTeX\tex/generic/pgf/utilities\pgfutil
-latex.def)
(C:\Users\frota\AppData\Local\Programs\MiKTeX\tex/generic/pgf/utilities\pgfrcs.
code.tex
(C:\Users\frota\AppData\Local\Programs\MiKTeX\tex/generic/pgf\pgf.revision.tex)
))
(C:\Users\frota\AppData\Local\Programs\MiKTeX\tex/latex/pgf/utilities\pgfkeys.s
ty
(C:\Users\frota\AppData\Local\Programs\MiKTeX\tex/generic/pgf/utilities\pgfkeys
.code.tex
(C:\Users\frota\AppData\Local\Programs\MiKTeX\tex/generic/pgf/utilities\pgfkeys
libraryfiltered.code.tex)))
(C:\Users\frota\AppData\Local\Programs\MiKTeX\tex/generic/pgf/math\pgfmath.code
.tex
(C:\Users\frota\AppData\Local\Programs\MiKTeX\tex/generic/pgf/math\pgfmathutil.
code.tex)
(C:\Users\frota\AppData\Local\Programs\MiKTeX\tex/generic/pgf/math\pgfmathparse
r.code.tex)
(C:\Users\frota\AppData\Local\Programs\MiKTeX\tex/generic/pgf/math\pgfmathfunct
ions.code.tex)
(C:\Users\frota\AppData\Local\Programs\MiKTeX\tex/generic/pgf/math\pgfmathfunct
ions.basic.code.tex)
(C:\Users\frota\AppData\Local\Programs\MiKTeX\tex/generic/pgf/math\pgfmathfunct
ions.trigonometric.code.tex)
(C:\Users\frota\AppData\Local\Programs\MiKTeX\tex/generic/pgf/math\pgfmathfunct
ions.random.code.tex)
(C:\Users\frota\AppData\Local\Programs\MiKTeX\tex/generic/pgf/math\pgfmathfunct
ions.comparison.code.tex)
(C:\Users\frota\AppData\Local\Programs\MiKTeX\tex/generic/pgf/math\pgfmathfunct
ions.base.code.tex)
(C:\Users\frota\AppData\Local\Programs\MiKTeX\tex/generic/pgf/math\pgfmathfunct
ions.round.code.tex)
(C:\Users\frota\AppData\Local\Programs\MiKTeX\tex/generic/pgf/math\pgfmathfunct
ions.misc.code.tex)
(C:\Users\frota\AppData\Local\Programs\MiKTeX\tex/generic/pgf/math\pgfmathfunct
ions.integerarithmetics.code.tex)
(C:\Users\frota\AppData\Local\Programs\MiKTeX\tex/generic/pgf/math\pgfmathcalc.
code.tex)
(C:\Users\frota\AppData\Local\Programs\MiKTeX\tex/generic/pgf/math\pgfmathfloat
.code.tex)))
(C:\Users\frota\AppData\Local\Programs\MiKTeX\tex/latex/base\size10.clo)
(C:\Users\frota\AppData\Local\Programs\MiKTeX\tex/latex/pgf/basiclayer\pgfcore.
sty
(C:\Users\frota\AppData\Local\Programs\MiKTeX\tex/latex/graphics\graphicx.sty
(C:\Users\frota\AppData\Local\Programs\MiKTeX\tex/latex/graphics\graphics.sty
(C:\Users\frota\AppData\Local\Programs\MiKTeX\tex/latex/graphics\trig.sty)
(C:\Users\frota\AppData\Local\Programs\MiKTeX\tex/latex/graphics-cfg\graphics.c
fg)
(C:\Users\frota\AppData\Local\Programs\MiKTeX\tex/latex/graphics-def\pdftex.def
)))
(C:\Users\frota\AppData\Local\Programs\MiKTeX\tex/latex/pgf/systemlayer\pgfsys.
sty
(C:\Users\frota\AppData\Local\Programs\MiKTeX\tex/generic/pgf/systemlayer\pgfsy
s.code.tex
(C:\Users\frota\AppData\Local\Programs\MiKTeX\tex/generic/pgf/systemlayer\pgf.c
fg)
(C:\Users\frota\AppData\Local\Programs\MiKTeX\tex/generic/pgf/systemlayer\pgfsy
s-pdftex.def
(C:\Users\frota\AppData\Local\Programs\MiKTeX\tex/generic/pgf/systemlayer\pgfsy
s-common-pdf.def)))
(C:\Users\frota\AppData\Local\Programs\MiKTeX\tex/generic/pgf/systemlayer\pgfsy
ssoftpath.code.tex)
(C:\Users\frota\AppData\Local\Programs\MiKTeX\tex/generic/pgf/systemlayer\pgfsy
sprotocol.code.tex))
(C:\Users\frota\AppData\Local\Programs\MiKTeX\tex/latex/xcolor\xcolor.sty
(C:\Users\frota\AppData\Local\Programs\MiKTeX\tex/latex/graphics-cfg\color.cfg)
(C:\Users\frota\AppData\Local\Programs\MiKTeX\tex/latex/graphics\mathcolor.ltx)
)
(C:\Users\frota\AppData\Local\Programs\MiKTeX\tex/generic/pgf/basiclayer\pgfcor
e.code.tex
(C:\Users\frota\AppData\Local\Programs\MiKTeX\tex/generic/pgf/math\pgfint.code.
tex)
(C:\Users\frota\AppData\Local\Programs\MiKTeX\tex/generic/pgf/basiclayer\pgfcor
epoints.code.tex)
(C:\Users\frota\AppData\Local\Programs\MiKTeX\tex/generic/pgf/basiclayer\pgfcor
epathconstruct.code.tex)
(C:\Users\frota\AppData\Local\Programs\MiKTeX\tex/generic/pgf/basiclayer\pgfcor
epathusage.code.tex)
(C:\Users\frota\AppData\Local\Programs\MiKTeX\tex/generic/pgf/basiclayer\pgfcor
escopes.code.tex)
(C:\Users\frota\AppData\Local\Programs\MiKTeX\tex/generic/pgf/basiclayer\pgfcor
egraphicstate.code.tex)
(C:\Users\frota\AppData\Local\Programs\MiKTeX\tex/generic/pgf/basiclayer\pgfcor
etransformations.code.tex)
(C:\Users\frota\AppData\Local\Programs\MiKTeX\tex/generic/pgf/basiclayer\pgfcor
equick.code.tex)
(C:\Users\frota\AppData\Local\Programs\MiKTeX\tex/generic/pgf/basiclayer\pgfcor
eobjects.code.tex)
(C:\Users\frota\AppData\Local\Programs\MiKTeX\tex/generic/pgf/basiclayer\pgfcor
epathprocessing.code.tex)
(C:\Users\frota\AppData\Local\Programs\MiKTeX\tex/generic/pgf/basiclayer\pgfcor
earrows.code.tex)
(C:\Users\frota\AppData\Local\Programs\MiKTeX\tex/generic/pgf/basiclayer\pgfcor
eshade.code.tex)
(C:\Users\frota\AppData\Local\Programs\MiKTeX\tex/generic/pgf/basiclayer\pgfcor
eimage.code.tex)
(C:\Users\frota\AppData\Local\Programs\MiKTeX\tex/generic/pgf/basiclayer\pgfcor
eexternal.code.tex)
(C:\Users\frota\AppData\Local\Programs\MiKTeX\tex/generic/pgf/basiclayer\pgfcor
elayers.code.tex)
(C:\Users\frota\AppData\Local\Programs\MiKTeX\tex/generic/pgf/basiclayer\pgfcor
etransparency.code.tex)
(C:\Users\frota\AppData\Local\Programs\MiKTeX\tex/generic/pgf/basiclayer\pgfcor
epatterns.code.tex)
(C:\Users\frota\AppData\Local\Programs\MiKTeX\tex/generic/pgf/basiclayer\pgfcor
erdf.code.tex)))
(C:\Users\frota\AppData\Local\Programs\MiKTeX\tex/latex/pgf/utilities\xxcolor.s
ty)
(C:\Users\frota\AppData\Local\Programs\MiKTeX\tex/latex/base\atbegshi-ltx.sty)
(C:\Users\frota\AppData\Local\Programs\MiKTeX\tex/latex/hyperref\hyperref.sty
(C:\Users\frota\AppData\Local\Programs\MiKTeX\tex/latex/kvsetkeys\kvsetkeys.sty
)
(C:\Users\frota\AppData\Local\Programs\MiKTeX\tex/generic/kvdefinekeys\kvdefine
keys.sty)
(C:\Users\frota\AppData\Local\Programs\MiKTeX\tex/generic/pdfescape\pdfescape.s
ty
(C:\Users\frota\AppData\Local\Programs\MiKTeX\tex/generic/ltxcmds\ltxcmds.sty)
(C:\Users\frota\AppData\Local\Programs\MiKTeX\tex/generic/pdftexcmds\pdftexcmds
.sty
(C:\Users\frota\AppData\Local\Programs\MiKTeX\tex/generic/infwarerr\infwarerr.s
ty)))
(C:\Users\frota\AppData\Local\Programs\MiKTeX\tex/latex/hycolor\hycolor.sty)
(C:\Users\frota\AppData\Local\Programs\MiKTeX\tex/latex/hyperref\nameref.sty
(C:\Users\frota\AppData\Local\Programs\MiKTeX\tex/latex/refcount\refcount.sty)
(C:\Users\frota\AppData\Local\Programs\MiKTeX\tex/generic/gettitlestring\gettit
lestring.sty
(C:\Users\frota\AppData\Local\Programs\MiKTeX\tex/latex/kvoptions\kvoptions.sty
)))
(C:\Users\frota\AppData\Local\Programs\MiKTeX\tex/generic/stringenc\stringenc.s
ty) (C:\Users\frota\AppData\Local\Programs\MiKTeX\tex/latex/hyperref\pd1enc.def
) (C:\Users\frota\AppData\Local\Programs\MiKTeX\tex/generic/intcalc\intcalc.sty
) (C:\Users\frota\AppData\Local\Programs\MiKTeX\tex/latex/hyperref\puenc.def)
(C:\Users\frota\AppData\Local\Programs\MiKTeX\tex/latex/url\url.sty)
(C:\Users\frota\AppData\Local\Programs\MiKTeX\tex/generic/bitset\bitset.sty
(C:\Users\frota\AppData\Local\Programs\MiKTeX\tex/generic/bigintcalc\bigintcalc
.sty))

Package hyperref Message: Stopped early.

) (C:\Users\frota\AppData\Local\Programs\MiKTeX\tex/latex/hyperref\hpdftex.def
(C:\Users\frota\AppData\Local\Programs\MiKTeX\tex/latex/rerunfilecheck\rerunfil
echeck.sty
(C:\Users\frota\AppData\Local\Programs\MiKTeX\tex/generic/uniquecounter\uniquec
ounter.sty)))
(C:\Users\frota\AppData\Local\Programs\MiKTeX\tex/latex/beamer\beamerbaserequir
es.sty
(C:\Users\frota\AppData\Local\Programs\MiKTeX\tex/latex/beamer\beamerbasecompat
ibility.sty)
(C:\Users\frota\AppData\Local\Programs\MiKTeX\tex/latex/beamer\beamerbasefont.s
ty (C:\Users\frota\AppData\Local\Programs\MiKTeX\tex/latex/amsfonts\amssymb.sty
(C:\Users\frota\AppData\Local\Programs\MiKTeX\tex/latex/amsfonts\amsfonts.sty))

(C:\Users\frota\AppData\Local\Programs\MiKTeX\tex/latex/sansmathaccent\sansmath
accent.sty
(C:\Users\frota\AppData\Local\Programs\MiKTeX\tex/latex/koma-script\scrlfile.st
y
(C:\Users\frota\AppData\Local\Programs\MiKTeX\tex/latex/koma-script\scrlfile-ho
ok.sty
(C:\Users\frota\AppData\Local\Programs\MiKTeX\tex/latex/koma-script\scrlogo.sty
)))))
(C:\Users\frota\AppData\Local\Programs\MiKTeX\tex/latex/beamer\beamerbasetransl
ator.sty
(C:\Users\frota\AppData\Local\Programs\MiKTeX\tex/latex/translator\translator.s
ty))
(C:\Users\frota\AppData\Local\Programs\MiKTeX\tex/latex/beamer\beamerbasemisc.s
ty)
(C:\Users\frota\AppData\Local\Programs\MiKTeX\tex/latex/beamer\beamerbasetwoscr
eens.sty)
(C:\Users\frota\AppData\Local\Programs\MiKTeX\tex/latex/beamer\beamerbaseoverla
y.sty)
(C:\Users\frota\AppData\Local\Programs\MiKTeX\tex/latex/beamer\beamerbasetitle.
sty)
(C:\Users\frota\AppData\Local\Programs\MiKTeX\tex/latex/beamer\beamerbasesectio
n.sty)
(C:\Users\frota\AppData\Local\Programs\MiKTeX\tex/latex/beamer\beamerbaseframe.
sty)
(C:\Users\frota\AppData\Local\Programs\MiKTeX\tex/latex/beamer\beamerbaseverbat
im.sty)
(C:\Users\frota\AppData\Local\Programs\MiKTeX\tex/latex/beamer\beamerbaseframes
ize.sty)
(C:\Users\frota\AppData\Local\Programs\MiKTeX\tex/latex/beamer\beamerbaseframec
omponents.sty)
(C:\Users\frota\AppData\Local\Programs\MiKTeX\tex/latex/beamer\beamerbasecolor.
sty)
(C:\Users\frota\AppData\Local\Programs\MiKTeX\tex/latex/beamer\beamerbasenotes.
sty)
(C:\Users\frota\AppData\Local\Programs\MiKTeX\tex/latex/beamer\beamerbasetoc.st
y)
(C:\Users\frota\AppData\Local\Programs\MiKTeX\tex/latex/beamer\beamerbasetempla
tes.sty
(C:\Users\frota\AppData\Local\Programs\MiKTeX\tex/latex/beamer\beamerbaseauxtem
plates.sty
(C:\Users\frota\AppData\Local\Programs\MiKTeX\tex/latex/beamer\beamerbaseboxes.
sty)))
(C:\Users\frota\AppData\Local\Programs\MiKTeX\tex/latex/beamer\beamerbaselocals
tructure.sty
(C:\Users\frota\AppData\Local\Programs\MiKTeX\tex/latex/tools\enumerate.sty))
(C:\Users\frota\AppData\Local\Programs\MiKTeX\tex/latex/beamer\beamerbasenaviga
tion.sty
(C:\Users\frota\AppData\Local\Programs\MiKTeX\tex/latex/beamer\beamerbasenaviga
tionsymbols.tex))
(C:\Users\frota\AppData\Local\Programs\MiKTeX\tex/latex/beamer\beamerbasetheore
ms.sty
(C:\Users\frota\AppData\Local\Programs\MiKTeX\tex/latex/amsmath\amsmath.sty
For additional information on amsmath, use the `?' option.
(C:\Users\frota\AppData\Local\Programs\MiKTeX\tex/latex/amsmath\amstext.sty
(C:\Users\frota\AppData\Local\Programs\MiKTeX\tex/latex/amsmath\amsgen.sty))
(C:\Users\frota\AppData\Local\Programs\MiKTeX\tex/latex/amsmath\amsbsy.sty)
(C:\Users\frota\AppData\Local\Programs\MiKTeX\tex/latex/amsmath\amsopn.sty))
(C:\Users\frota\AppData\Local\Programs\MiKTeX\tex/latex/amscls\amsthm.sty))
(C:\Users\frota\AppData\Local\Programs\MiKTeX\tex/latex/beamer\beamerbasethemes
.sty))
(C:\Users\frota\AppData\Local\Programs\MiKTeX\tex/latex/beamer\beamerthemedefau
lt.sty
(C:\Users\frota\AppData\Local\Programs\MiKTeX\tex/latex/beamer\beamerfontthemed
efault.sty)
(C:\Users\frota\AppData\Local\Programs\MiKTeX\tex/latex/beamer\beamercolortheme
default.sty)
(C:\Users\frota\AppData\Local\Programs\MiKTeX\tex/latex/beamer\beamerinnertheme
default.sty)
(C:\Users\frota\AppData\Local\Programs\MiKTeX\tex/latex/beamer\beameroutertheme
default.sty))) (style/poliStyles.sty
(C:\Users\frota\AppData\Local\Programs\MiKTeX\tex/generic/xypic\xy.sty
(C:\Users\frota\AppData\Local\Programs\MiKTeX\tex/generic/xypic\xy.tex
Bootstrap'ing: catcodes, docmode,
(C:\Users\frota\AppData\Local\Programs\MiKTeX\tex/generic/xypic\xyrecat.tex)
(C:\Users\frota\AppData\Local\Programs\MiKTeX\tex/generic/xypic\xyidioms.tex)

 Xy-pic version 3.8.9 <2013/10/06>
 Copyright (c) 1991-2013 by Kristoffer H. Rose <krisrose@tug.org> and others
 Xy-pic is free software: see the User's Guide for details.

Loading kernel: messages; fonts; allocations: state, direction,
utility macros; pictures: \xy, positions, objects, decorations;
kernel objects: directionals, circles, text; options; algorithms: directions,
edges, connections;  Xy-pic loaded)
(C:\Users\frota\AppData\Local\Programs\MiKTeX\tex/generic/iftex\ifpdf.sty)
(C:\Users\frota\AppData\Local\Programs\MiKTeX\tex/generic/xypic\xyall.tex
 Xy-pic option: All features v.3.8
(C:\Users\frota\AppData\Local\Programs\MiKTeX\tex/generic/xypic\xycurve.tex
 Xy-pic option: Curve and Spline extension v.3.12 curve, circles, loaded)
(C:\Users\frota\AppData\Local\Programs\MiKTeX\tex/generic/xypic\xyframe.tex
 Xy-pic option: Frame and Bracket extension v.3.14 loaded)
(C:\Users\frota\AppData\Local\Programs\MiKTeX\tex/generic/xypic\xycmtip.tex
 Xy-pic option: Computer Modern tip extension v.3.7
(C:\Users\frota\AppData\Local\Programs\MiKTeX\tex/generic/xypic\xytips.tex
 Xy-pic option: More Tips extension v.3.11 loaded) loaded)
(C:\Users\frota\AppData\Local\Programs\MiKTeX\tex/generic/xypic\xyline.tex
 Xy-pic option: Line styles extension v.3.10 loaded)
(C:\Users\frota\AppData\Local\Programs\MiKTeX\tex/generic/xypic\xyrotate.tex
 Xy-pic option: Rotate and Scale extension v.3.8 loaded)
(C:\Users\frota\AppData\Local\Programs\MiKTeX\tex/generic/xypic\xycolor.tex
 Xy-pic option: Colour extension v.3.11 loaded)
(C:\Users\frota\AppData\Local\Programs\MiKTeX\tex/generic/xypic\xymatrix.tex
 Xy-pic option: Matrix feature v.3.14 loaded)
(C:\Users\frota\AppData\Local\Programs\MiKTeX\tex/generic/xypic\xyarrow.tex
 Xy-pic option: Arrow and Path feature v.3.9 path, \ar, loaded)
(C:\Users\frota\AppData\Local\Programs\MiKTeX\tex/generic/xypic\xygraph.tex
 Xy-pic option: Graph feature v.3.11 loaded) loaded)
(C:\Users\frota\AppData\Local\Programs\MiKTeX\tex/generic/xypic\xypdf.tex
 Xy-pic option: PDF driver v.1.7 Xy-pic pdf driver: `color' extension support
(C:\Users\frota\AppData\Local\Programs\MiKTeX\tex/generic/xypic\xypdf-co.tex
loaded) Xy-pic pdf driver: `curve' extension support
(C:\Users\frota\AppData\Local\Programs\MiKTeX\tex/generic/xypic\xypdf-cu.tex
loaded) Xy-pic pdf driver: `frame' extension support
(C:\Users\frota\AppData\Local\Programs\MiKTeX\tex/generic/xypic\xypdf-fr.tex
loaded) Xy-pic pdf driver: `line' extension support
(C:\Users\frota\AppData\Local\Programs\MiKTeX\tex/generic/xypic\xypdf-li.tex
loaded) Xy-pic pdf driver: `rotate' extension support
(C:\Users\frota\AppData\Local\Programs\MiKTeX\tex/generic/xypic\xypdf-ro.tex
loaded) loaded))
(C:\Users\frota\AppData\Local\Programs\MiKTeX\tex/generic/babel\babel.sty
(C:\Users\frota\AppData\Local\Programs\MiKTeX\tex/generic/babel\txtbabel.def)
*************************************
* Local config file bblopts.cfg used
*
(C:\Users\frota\AppData\Local\Programs\MiKTeX\tex/latex/arabi\bblopts.cfg)
(C:\Users\frota\AppData\Local\Programs\MiKTeX\tex/generic/babel/locale/invalid\
babel-brazil.tex)

Package babel Warning: Name 'brazil' is deprecated.
(babel)                Use 'brazilian' instead.
(babel)                Reported on input line 4320.


(C:\Users\frota\AppData\Local\Programs\MiKTeX\tex/latex/babel-portuges\brazilia
n.ldf))
(C:\Users\frota\AppData\Local\Programs\MiKTeX\tex/latex/base\inputenc.sty
(C:\Users\frota\AppData\Local\Programs\MiKTeX\tex/latex/ucs\utf8x.def

Package ucs Info: utf8x disabled, assuming standard utf8 processing
(ucs)             load ucs package to force utf8x processing.

(C:\Users\frota\AppData\Local\Programs\MiKTeX\tex/latex/base\utf8.def
(C:\Users\frota\AppData\Local\Programs\MiKTeX\tex/latex/base\omsenc.dfu)
(C:\Users\frota\AppData\Local\Programs\MiKTeX\tex/latex/base\ot1enc.dfu)
(C:\Users\frota\AppData\Local\Programs\MiKTeX\tex/latex/base\t1enc.dfu)
(C:\Users\frota\AppData\Local\Programs\MiKTeX\tex/latex/base\ts1enc.dfu))))
(C:\Users\frota\AppData\Local\Programs\MiKTeX\tex/latex/base\fontenc.sty)
(C:\Users\frota\AppData\Local\Programs\MiKTeX\tex/latex/algorithms\algorithm.st
y (C:\Users\frota\AppData\Local\Programs\MiKTeX\tex/latex/float\float.sty)
(C:\Users\frota\AppData\Local\Programs\MiKTeX\tex/latex/base\ifthen.sty))
(C:\Users\frota\AppData\Local\Programs\MiKTeX\tex/latex/algorithms\algorithmic.
sty)
(C:\Users\frota\AppData\Local\Programs\MiKTeX\tex/latex/setspace\setspace.sty)
(C:\Users\frota\AppData\Local\Programs\MiKTeX\tex/latex/graphics\epsfig.sty)
(C:\Users\frota\AppData\Local\Programs\MiKTeX\tex/latex/tools\array.sty)
(C:\Users\frota\AppData\Local\Programs\MiKTeX\tex/latex/colortbl\colortbl.sty)
(C:\Users\frota\AppData\Local\Programs\MiKTeX\tex/latex/moreverb\moreverb.sty
(C:\Users\frota\AppData\Local\Programs\MiKTeX\tex/latex/tools\verbatim.sty))
(C:\Users\frota\AppData\Local\Programs\MiKTeX\tex/latex/ragged2e\ragged2e.sty)
(C:\Users\frota\AppData\Local\Programs\MiKTeX\tex/latex/lm\lmodern.sty)
(C:\Users\frota\AppData\Local\Programs\MiKTeX\tex/latex/smartdiagram\smartdiagr
am.sty
(C:\Users\frota\AppData\Local\Programs\MiKTeX\tex/latex/pgf/frontendlayer\tikz.
sty
(C:\Users\frota\AppData\Local\Programs\MiKTeX\tex/latex/pgf/basiclayer\pgf.sty
(C:\Users\frota\AppData\Local\Programs\MiKTeX\tex/generic/pgf/modules\pgfmodule
shapes.code.tex)
(C:\Users\frota\AppData\Local\Programs\MiKTeX\tex/generic/pgf/modules\pgfmodule
plot.code.tex)
(C:\Users\frota\AppData\Local\Programs\MiKTeX\tex/latex/pgf/compatibility\pgfco
mp-version-0-65.sty)
(C:\Users\frota\AppData\Local\Programs\MiKTeX\tex/latex/pgf/compatibility\pgfco
mp-version-1-18.sty))
(C:\Users\frota\AppData\Local\Programs\MiKTeX\tex/latex/pgf/utilities\pgffor.st
y
(C:\Users\frota\AppData\Local\Programs\MiKTeX\tex/generic/pgf/utilities\pgffor.
code.tex))
(C:\Users\frota\AppData\Local\Programs\MiKTeX\tex/generic/pgf/frontendlayer/tik
z\tikz.code.tex
(C:\Users\frota\AppData\Local\Programs\MiKTeX\tex/generic/pgf/libraries\pgflibr
aryplothandlers.code.tex)
(C:\Users\frota\AppData\Local\Programs\MiKTeX\tex/generic/pgf/modules\pgfmodule
matrix.code.tex)
(C:\Users\frota\AppData\Local\Programs\MiKTeX\tex/generic/pgf/frontendlayer/tik
z/libraries\tikzlibrarytopaths.code.tex)))
(C:\Users\frota\AppData\Local\Programs\MiKTeX\tex/latex/l3packages/xparse\xpars
e.sty
(C:\Users\frota\AppData\Local\Programs\MiKTeX\tex/latex/l3kernel\expl3.sty
(C:\Users\frota\AppData\Local\Programs\MiKTeX\tex/latex/l3backend\l3backend-pdf
tex.def)))
(C:\Users\frota\AppData\Local\Programs\MiKTeX\tex/latex/xstring\xstring.sty
(C:\Users\frota\AppData\Local\Programs\MiKTeX\tex/generic/xstring\xstring.tex))

(C:\Users\frota\AppData\Local\Programs\MiKTeX\tex/generic/pgf/frontendlayer/tik
z/libraries\tikzlibrarybackgrounds.code.tex)
(C:\Users\frota\AppData\Local\Programs\MiKTeX\tex/generic/pgf/frontendlayer/tik
z/libraries\tikzlibrarycalc.code.tex)
(C:\Users\frota\AppData\Local\Programs\MiKTeX\tex/generic/pgf/frontendlayer/tik
z/libraries\tikzlibraryfadings.code.tex
(C:\Users\frota\AppData\Local\Programs\MiKTeX\tex/generic/pgf/libraries\pgflibr
aryfadings.code.tex))
(C:\Users\frota\AppData\Local\Programs\MiKTeX\tex/generic/pgf/frontendlayer/tik
z/libraries\tikzlibraryshadows.code.tex)
(C:\Users\frota\AppData\Local\Programs\MiKTeX\tex/generic/pgf/frontendlayer/tik
z/libraries\tikzlibraryshapes.arrows.code.tex
(C:\Users\frota\AppData\Local\Programs\MiKTeX\tex/generic/pgf/libraries/shapes\
pgflibraryshapes.arrows.code.tex))
(C:\Users\frota\AppData\Local\Programs\MiKTeX\tex/generic/pgf/frontendlayer/tik
z/libraries\tikzlibraryshapes.symbols.code.tex
(C:\Users\frota\AppData\Local\Programs\MiKTeX\tex/generic/pgf/libraries/shapes\
pgflibraryshapes.symbols.code.tex))
(C:\Users\frota\AppData\Local\Programs\MiKTeX\tex/latex/smartdiagram\smartdiagr
amlibrarycore.definitions.code.tex)
(C:\Users\frota\AppData\Local\Programs\MiKTeX\tex/latex/smartdiagram\smartdiagr
amlibrarycore.styles.code.tex)
(C:\Users\frota\AppData\Local\Programs\MiKTeX\tex/latex/smartdiagram\smartdiagr
amlibrarycore.commands.code.tex))
(C:\Users\frota\AppData\Local\Programs\MiKTeX\tex/latex/tools\multicol.sty)
(C:\Users\frota\AppData\Local\Programs\MiKTeX\tex/latex/listings\listings.sty
(C:\Users\frota\AppData\Local\Programs\MiKTeX\tex/latex/listings\lstpatch.sty)
(C:\Users\frota\AppData\Local\Programs\MiKTeX\tex/latex/listings\lstmisc.sty)
(C:\Users\frota\AppData\Local\Programs\MiKTeX\tex/latex/listings\listings.cfg))
==> First Aid for listings.sty no longer applied!
    Expected:
        2024/09/23 1.10c (Carsten Heinz)
    but found:
        2025/11/14 1.11b (Carsten Heinz)
    so I'm assuming it got fixed.

(C:\Users\frota\AppData\Local\Programs\MiKTeX\tex/latex/mathtools\mathtools.sty
(C:\Users\frota\AppData\Local\Programs\MiKTeX\tex/latex/tools\calc.sty)
(C:\Users\frota\AppData\Local\Programs\MiKTeX\tex/latex/mathtools\mhsetup.sty))
 (C:\Users\frota\AppData\Local\Programs\MiKTeX\tex/latex/beamer\multimedia.sty)
 (C:\Users\frota\AppData\Local\Programs\MiKTeX\tex/latex/base\textcomp.sty)
(C:\Users\frota\AppData\Local\Programs\MiKTeX\tex/latex/environ\environ.sty
(C:\Users\frota\AppData\Local\Programs\MiKTeX\tex/latex/trimspaces\trimspaces.s
ty))
(C:\Users\frota\AppData\Local\Programs\MiKTeX\tex/latex/booktabs\booktabs.sty)
(C:\Users\frota\AppData\Local\Programs\MiKTeX\tex/latex/multirow\multirow.sty)
(C:\Users\frota\AppData\Local\Programs\MiKTeX\tex/latex/psnfss\courier.sty)
(C:\Users\frota\AppData\Local\Programs\MiKTeX\tex/latex/tcolorbox\tcolorbox.sty
)
(C:\Users\frota\AppData\Local\Programs\MiKTeX\tex/latex/beamer\beamerthemeCambr
idgeUS.sty
(C:\Users\frota\AppData\Local\Programs\MiKTeX\tex/latex/beamer\beamerinnertheme
rounded.sty)
(C:\Users\frota\AppData\Local\Programs\MiKTeX\tex/latex/beamer\beameroutertheme
infolines.sty)
(C:\Users\frota\AppData\Local\Programs\MiKTeX\tex/latex/beamer\beamercolortheme
beaver.sty))
(C:\Users\frota\AppData\Local\Programs\MiKTeX\tex/latex/beamer\beamerfontthemep
rofessionalfonts.sty)
(C:\Users\frota\AppData\Local\Programs\MiKTeX\tex/latex/beamer\beamerfontthemes
erif.sty)
(C:\Users\frota\AppData\Local\Programs\MiKTeX\tex/latex/beamer\beamercolortheme
structure.sty)
(C:\Users\frota\AppData\Local\Programs\MiKTeX\tex/generic/pgf/frontendlayer/tik
z/libraries\tikzlibraryshapes.geometric.code.tex
(C:\Users\frota\AppData\Local\Programs\MiKTeX\tex/generic/pgf/libraries/shapes\
pgflibraryshapes.geometric.code.tex))
(C:\Users\frota\AppData\Local\Programs\MiKTeX\tex/generic/pgf/frontendlayer/tik
z/libraries\tikzlibraryarrows.code.tex
(C:\Users\frota\AppData\Local\Programs\MiKTeX\tex/generic/pgf/libraries\pgflibr
aryarrows.code.tex))
(C:\Users\frota\AppData\Local\Programs\MiKTeX\tex/generic/pgf/frontendlayer/tik
z/libraries\tikzlibraryshapes.code.tex
(C:\Users\frota\AppData\Local\Programs\MiKTeX\tex/generic/pgf/frontendlayer/tik
z/libraries\tikzlibraryshapes.misc.code.tex
(C:\Users\frota\AppData\Local\Programs\MiKTeX\tex/generic/pgf/libraries/shapes\
pgflibraryshapes.misc.code.tex))
(C:\Users\frota\AppData\Local\Programs\MiKTeX\tex/generic/pgf/frontendlayer/tik
z/libraries\tikzlibraryshapes.callouts.code.tex
(C:\Users\frota\AppData\Local\Programs\MiKTeX\tex/generic/pgf/libraries/shapes\
pgflibraryshapes.callouts.code.tex))
(C:\Users\frota\AppData\Local\Programs\MiKTeX\tex/generic/pgf/frontendlayer/tik
z/libraries\tikzlibraryshapes.multipart.code.tex
(C:\Users\frota\AppData\Local\Programs\MiKTeX\tex/generic/pgf/libraries/shapes\
pgflibraryshapes.multipart.code.tex)))
(C:\Users\frota\AppData\Local\Programs\MiKTeX\tex/generic/pgf/frontendlayer/tik
z/libraries\tikzlibrarymindmap.code.tex
(C:\Users\frota\AppData\Local\Programs\MiKTeX\tex/generic/pgf/frontendlayer/tik
z/libraries\tikzlibrarytrees.code.tex)
(C:\Users\frota\AppData\Local\Programs\MiKTeX\tex/generic/pgf/frontendlayer/tik
z/libraries\tikzlibrarydecorations.code.tex
(C:\Users\frota\AppData\Local\Programs\MiKTeX\tex/generic/pgf/modules\pgfmodule
decorations.code.tex)))
(C:\Users\frota\AppData\Local\Programs\MiKTeX\tex/generic/pgf/frontendlayer/tik
z/libraries\tikzlibraryintersections.code.tex
(C:\Users\frota\AppData\Local\Programs\MiKTeX\tex/generic/pgf/libraries\pgflibr
aryintersections.code.tex
(C:\Users\frota\AppData\Local\Programs\MiKTeX\tex/generic/pgf/libraries\pgflibr
aryfpu.code.tex)))
(C:\Users\frota\AppData\Local\Programs\MiKTeX\tex/generic/pgf/frontendlayer/tik
z/libraries\tikzlibrarythrough.code.tex)
(C:\Users\frota\AppData\Local\Programs\MiKTeX\tex/latex/tikzmark\tikzlibrarytik
zmark.code.tex)
(C:\Users\frota\AppData\Local\Programs\MiKTeX\tex/generic/pgf/frontendlayer/tik
z/libraries\tikzlibrarypositioning.code.tex)
(C:\Users\frota\AppData\Local\Programs\MiKTeX\tex/generic/pgf/frontendlayer/tik
z/libraries\tikzlibrarydecorations.pathreplacing.code.tex
(C:\Users\frota\AppData\Local\Programs\MiKTeX\tex/generic/pgf/libraries/decorat
ions\pgflibrarydecorations.pathreplacing.code.tex))
(C:\Users\frota\AppData\Local\Programs\MiKTeX\tex/generic/pgf/frontendlayer/tik
z/libraries\tikzlibrarydecorations.markings.code.tex
(C:\Users\frota\AppData\Local\Programs\MiKTeX\tex/generic/pgf/libraries/decorat
ions\pgflibrarydecorations.markings.code.tex))) (style/tensorOperator.sty)
(generalFormat/commandAndEnvironment.tex

! LaTeX Error: Command \apud undefined.

See the LaTeX manual or LaTeX Companion for explanation.
Type  H <return>  for immediate help.
 ...                                              
                                                  
l.23 \renewcommand{\apud}
                         [3][]{\citeopen\citeauthor{#2}, \citeyear{#2} \apud...


! LaTeX Error: Command \apudonline undefined.

See the LaTeX manual or LaTeX Companion for explanation.
Type  H <return>  for immediate help.
 ...                                              
                                                  
l.27 \renewcommand{\apudonline}
                               [3][]{\citeonline{#2} \apudname\ %
) (C:\Users\frota\AppData\Local\Programs\MiKTeX\tex/latex/lm\t1lmss.fd)
(presentationTCC.aux)
*geometry* driver: auto-detecting
*geometry* detected driver: pdftex

(C:\Users\frota\AppData\Local\Programs\MiKTeX\tex/context/base/mkii\supp-pdf.mk
ii
[Loading MPS to PDF converter (version 2006.09.02).]
)
(C:\Users\frota\AppData\Local\Programs\MiKTeX\tex/latex/epstopdf-pkg\epstopdf-b
ase.sty
(C:\Users\frota\AppData\Local\Programs\MiKTeX\tex/latex/00miktex\epstopdf-sys.c
fg)) (presentationTCC.out) (presentationTCC.out)
(C:\Users\frota\AppData\Local\Programs\MiKTeX\tex/latex/translator\translator-b
asic-dictionary-English.dict)
(C:\Users\frota\AppData\Local\Programs\MiKTeX\tex/latex/translator\translator-b
ibliography-dictionary-English.dict)
(C:\Users\frota\AppData\Local\Programs\MiKTeX\tex/latex/translator\translator-e
nvironment-dictionary-English.dict)
(C:\Users\frota\AppData\Local\Programs\MiKTeX\tex/latex/translator\translator-m
onths-dictionary-English.dict)
(C:\Users\frota\AppData\Local\Programs\MiKTeX\tex/latex/translator\translator-n
umbers-dictionary-English.dict)
(C:\Users\frota\AppData\Local\Programs\MiKTeX\tex/latex/translator\translator-t
heorem-dictionary-English.dict)
(C:\Users\frota\AppData\Local\Programs\MiKTeX\tex/latex/lm\ot1lmr.fd)
(C:\Users\frota\AppData\Local\Programs\MiKTeX\tex/latex/lm\omllmm.fd)
(C:\Users\frota\AppData\Local\Programs\MiKTeX\tex/latex/lm\omslmsy.fd)
(C:\Users\frota\AppData\Local\Programs\MiKTeX\tex/latex/lm\omxlmex.fd)
(C:\Users\frota\AppData\Local\Programs\MiKTeX\tex/latex/amsfonts\umsa.fd)
(C:\Users\frota\AppData\Local\Programs\MiKTeX\tex/latex/amsfonts\umsb.fd)
(presentationTCC.nav)
Overfull \hbox (0.7626pt too wide) in paragraph at lines 85--85
[][]  

Overfull \hbox (0.7626pt too wide) in paragraph at lines 86--86
[][]  

Overfull \hbox (0.7626pt too wide) has occurred while \output is active
[][] 
[1{C:/Users/frota/AppData/Local/MiKTeX/fonts/map/pdftex/pdftex.map}{C:/Users/fr
ota/AppData/Local/Programs/MiKTeX/fonts/enc/dvips/lm/lm-ec.enc} <./figures/logo
/bg.png> <./figures/logo/Logo_EPUFRJ_2020.png> <./figures/logo/UFRJ_Horizontal_
Cor_RGB_Completa.png>]
Overfull \hbox (0.7626pt too wide) in paragraph at lines 93--93
[][]  
(presentationTCC.toc)

LaTeX Warning: File `figures/logo/eletrica.png' not found on input line 93.


! Package pdftex.def Error: File `figures/logo/eletrica.png' not found: using d
raft setting.

See the pdftex.def package documentation for explanation.
Type  H <return>  for immediate help.
 ...                                              
                                                  
l.93 \end{slide}
                
(C:\Users\frota\AppData\Local\Programs\MiKTeX\tex/latex/psnfss\t1pcr.fd)
Overfull \hbox (0.7626pt too wide) has occurred while \output is active
[][] 
[2{C:/Users/frota/AppData/Local/Programs/MiKTeX/fonts/enc/dvips/base/8r.enc}]
(chapters/1_introducao.tex
Overfull \hbox (0.7626pt too wide) in paragraph at lines 1--1
[][]  
(presentationTCC.toc)

LaTeX Warning: File `figures/logo/eletrica.png' not found on input line 1.


! Package pdftex.def Error: File `figures/logo/eletrica.png' not found: using d
raft setting.

See the pdftex.def package documentation for explanation.
Type  H <return>  for immediate help.
 ...                                              
                                                  
l.1 \section{Introdu├º├úo}
                          

Overfull \hbox (0.7626pt too wide) has occurred while \output is active
[][] 
[3]
Overfull \hbox (0.7626pt too wide) in paragraph at lines 19--19
[][]  

LaTeX Warning: File `figures/logo/eletrica.png' not found on input line 19.


! Package pdftex.def Error: File `figures/logo/eletrica.png' not found: using d
raft setting.

See the pdftex.def package documentation for explanation.
Type  H <return>  for immediate help.
 ...                                              
                                                  
l.19 \end{slide}
                

Overfull \hbox (0.7626pt too wide) has occurred while \output is active
[][] 
[4{C:/Users/frota/AppData/Local/Programs/MiKTeX/fonts/enc/dvips/lm/lm-mathsy.en
c} <./tcc_images/criseH.png>]
Overfull \hbox (0.7626pt too wide) in paragraph at lines 39--39
[][]  
(C:\Users\frota\AppData\Local\Programs\MiKTeX\tex/latex/lm\ts1lmss.fd)

LaTeX Warning: File `figures/logo/eletrica.png' not found on input line 39.


! Package pdftex.def Error: File `figures/logo/eletrica.png' not found: using d
raft setting.

See the pdftex.def package documentation for explanation.
Type  H <return>  for immediate help.
 ...                                              
                                                  
l.39 \end{slide}
                

Overfull \vbox (72.7234pt too high) detected at line 39

Overfull \hbox (0.7626pt too wide) has occurred while \output is active
[][] 
[5{C:/Users/frota/AppData/Local/Programs/MiKTeX/fonts/enc/dvips/lm/lm-ts1.enc} 
<./tcc_images/artebrasillet.jpg>]
Overfull \hbox (0.7626pt too wide) in paragraph at lines 75--75
[][]  

LaTeX Warning: File `figures/logo/eletrica.png' not found on input line 75.


! Package pdftex.def Error: File `figures/logo/eletrica.png' not found: using d
raft setting.

See the pdftex.def package documentation for explanation.
Type  H <return>  for immediate help.
 ...                                              
                                                  
l.75 \end{slide}
                

Overfull \hbox (0.7626pt too wide) has occurred while \output is active
[][] 
[6]
Overfull \hbox (0.7626pt too wide) in paragraph at lines 88--88
[][]  

LaTeX Warning: File `figures/logo/eletrica.png' not found on input line 88.


! Package pdftex.def Error: File `figures/logo/eletrica.png' not found: using d
raft setting.

See the pdftex.def package documentation for explanation.
Type  H <return>  for immediate help.
 ...                                              
                                                  
l.88 \end{slide}
                

Overfull \hbox (0.7626pt too wide) has occurred while \output is active
[][] 
[7{C:/Users/frota/AppData/Local/Programs/MiKTeX/fonts/enc/dvips/lm/lm-mathit.en
c}]
Overfull \hbox (0.7626pt too wide) in paragraph at lines 98--98
[][]  

LaTeX Warning: File `figures/logo/eletrica.png' not found on input line 98.


! Package pdftex.def Error: File `figures/logo/eletrica.png' not found: using d
raft setting.

See the pdftex.def package documentation for explanation.
Type  H <return>  for immediate help.
 ...                                              
                                                  
l.98 \end{slide}
                

Overfull \hbox (0.7626pt too wide) has occurred while \output is active
[][] 
[8 <./tcc_images/instalacao_ips.png (PNG copy)>]
Overfull \hbox (0.7626pt too wide) in paragraph at lines 111--111
[][]  

LaTeX Warning: File `figures/logo/eletrica.png' not found on input line 111.


! Package pdftex.def Error: File `figures/logo/eletrica.png' not found: using d
raft setting.

See the pdftex.def package documentation for explanation.
Type  H <return>  for immediate help.
 ...                                              
                                                  
l.111 \end{slide}
                 

Overfull \hbox (0.7626pt too wide) has occurred while \output is active
[][] 
[9]
Overfull \hbox (0.7626pt too wide) in paragraph at lines 128--128
[][]  

LaTeX Warning: File `figures/logo/eletrica.png' not found on input line 128.


! Package pdftex.def Error: File `figures/logo/eletrica.png' not found: using d
raft setting.

See the pdftex.def package documentation for explanation.
Type  H <return>  for immediate help.
 ...                                              
                                                  
l.128 \end{slide}
                 

Overfull \hbox (0.7626pt too wide) has occurred while \output is active
[][] 
[10]

LaTeX Warning: Citation `Abid2020' undefined on input line 131.


LaTeX Warning: Citation `Lisboa2024' undefined on input line 132.

) (chapters/2_revisao.tex
Overfull \hbox (0.7626pt too wide) in paragraph at lines 1--1
[][]  
(presentationTCC.toc)

LaTeX Warning: File `figures/logo/eletrica.png' not found on input line 1.


! Package pdftex.def Error: File `figures/logo/eletrica.png' not found: using d
raft setting.

See the pdftex.def package documentation for explanation.
Type  H <return>  for immediate help.
 ...                                              
                                                  
l.1 \section{Revis├úo Bibliogr├ífica}
                                     

Overfull \hbox (0.7626pt too wide) has occurred while \output is active
[][] 
[11]
Overfull \hbox (0.7626pt too wide) in paragraph at lines 32--32
[][]  

Overfull \hbox (4.75275pt too wide) in paragraph at lines 32--32
[]|\T1/lmss/m/n/9 Interpretabilidade

Underfull \hbox (badness 10000) in paragraph at lines 32--32
[]|\T1/lmss/m/n/9 Alta fle-xi-bi-li-

Underfull \hbox (badness 10000) in paragraph at lines 32--32
\T1/lmss/m/n/9 dade; aprox.

Underfull \hbox (badness 10000) in paragraph at lines 32--32
[]|\T1/lmss/m/n/9 GeneralizaþÒo

Underfull \hbox (badness 10000) in paragraph at lines 32--32
[]|\T1/lmss/m/n/9 DCMD, \T1/lmss/bx/n/9 V-

Underfull \hbox (badness 5288) in paragraph at lines 32--32
[]|\T1/lmss/m/n/9 Combina fÝ-sica

Underfull \hbox (badness 10000) in paragraph at lines 32--32
[]|\T1/lmss/m/n/9 Complexidade

LaTeX Warning: File `figures/logo/eletrica.png' not found on input line 32.


! Package pdftex.def Error: File `figures/logo/eletrica.png' not found: using d
raft setting.

See the pdftex.def package documentation for explanation.
Type  H <return>  for immediate help.
 ...                                              
                                                  
l.32 \end{slide}
                

Overfull \hbox (0.7626pt too wide) has occurred while \output is active
[][] 
[12]
Overfull \hbox (0.7626pt too wide) in paragraph at lines 67--67
[][]  

LaTeX Warning: File `figures/logo/eletrica.png' not found on input line 67.


! Package pdftex.def Error: File `figures/logo/eletrica.png' not found: using d
raft setting.

See the pdftex.def package documentation for explanation.
Type  H <return>  for immediate help.
 ...                                              
                                                  
l.67 \end{slide}
                

Overfull \hbox (0.7626pt too wide) has occurred while \output is active
[][] 
[13]
Overfull \hbox (0.7626pt too wide) in paragraph at lines 90--90
[][]  

LaTeX Warning: Citation `Vabalas2019' on page 14 undefined on input line 90.


LaTeX Warning: Citation `Hastie2009' on page 14 undefined on input line 90.


LaTeX Warning: Citation `Yates2022' on page 14 undefined on input line 90.


LaTeX Warning: File `figures/logo/eletrica.png' not found on input line 90.


! Package pdftex.def Error: File `figures/logo/eletrica.png' not found: using d
raft setting.

See the pdftex.def package documentation for explanation.
Type  H <return>  for immediate help.
 ...                                              
                                                  
l.90 \end{slide}
                

Overfull \vbox (14.59149pt too high) detected at line 90

Overfull \hbox (0.7626pt too wide) has occurred while \output is active
[][] 
[14]) (chapters/2a_fundamentacao.tex
Overfull \hbox (0.7626pt too wide) in paragraph at lines 1--1
[][]  
(presentationTCC.toc)

LaTeX Warning: File `figures/logo/eletrica.png' not found on input line 1.


! Package pdftex.def Error: File `figures/logo/eletrica.png' not found: using d
raft setting.

See the pdftex.def package documentation for explanation.
Type  H <return>  for immediate help.
 ...                                              
                                                  
l.1 \section{Fundamenta├º├úo Te├│rica}
                                      

Overfull \hbox (0.7626pt too wide) has occurred while \output is active
[][] 
[15]
Overfull \hbox (0.7626pt too wide) in paragraph at lines 29--29
[][]  

LaTeX Warning: File `figures/logo/eletrica.png' not found on input line 29.


! Package pdftex.def Error: File `figures/logo/eletrica.png' not found: using d
raft setting.

See the pdftex.def package documentation for explanation.
Type  H <return>  for immediate help.
 ...                                              
                                                  
l.29 \end{slide}
                

Overfull \vbox (18.89699pt too high) detected at line 29

Overfull \hbox (0.7626pt too wide) has occurred while \output is active
[][] 
[16 <./tcc_images/chap03/Model-of-heat-and-mass-transfer-in-the-AGMD.png>]
Overfull \hbox (0.7626pt too wide) in paragraph at lines 61--61
[][]  

LaTeX Warning: Citation `Ghahramani2015' on page 17 undefined on input line 61.



LaTeX Warning: Citation `Rai2020' on page 17 undefined on input line 61.


LaTeX Warning: File `figures/logo/eletrica.png' not found on input line 61.


! Package pdftex.def Error: File `figures/logo/eletrica.png' not found: using d
raft setting.

See the pdftex.def package documentation for explanation.
Type  H <return>  for immediate help.
 ...                                              
                                                  
l.61 \end{slide}
                

Overfull \vbox (0.28943pt too high) detected at line 61

Overfull \hbox (0.7626pt too wide) has occurred while \output is active
[][] 
[17{C:/Users/frota/AppData/Local/Programs/MiKTeX/fonts/enc/dvips/lm/lm-rm.enc}]

Overfull \hbox (0.7626pt too wide) in paragraph at lines 92--92
[][]  

LaTeX Warning: File `figures/logo/eletrica.png' not found on input line 92.


! Package pdftex.def Error: File `figures/logo/eletrica.png' not found: using d
raft setting.

See the pdftex.def package documentation for explanation.
Type  H <return>  for immediate help.
 ...                                              
                                                  
l.92 \end{slide}
                

Overfull \hbox (0.7626pt too wide) has occurred while \output is active
[][] 
[18]) (chapters/3_metodologia.tex
Overfull \hbox (0.7626pt too wide) in paragraph at lines 1--1
[][]  
(presentationTCC.toc)

LaTeX Warning: File `figures/logo/eletrica.png' not found on input line 1.


! Package pdftex.def Error: File `figures/logo/eletrica.png' not found: using d
raft setting.

See the pdftex.def package documentation for explanation.
Type  H <return>  for immediate help.
 ...                                              
                                                  
l.1 \section{Metodologia Proposta}
                                  

Overfull \hbox (0.7626pt too wide) has occurred while \output is active
[][] 
[19]
Overfull \hbox (0.7626pt too wide) in paragraph at lines 48--48
[][]  

LaTeX Warning: File `figures/logo/eletrica.png' not found on input line 48.


! Package pdftex.def Error: File `figures/logo/eletrica.png' not found: using d
raft setting.

See the pdftex.def package documentation for explanation.
Type  H <return>  for immediate help.
 ...                                              
                                                  
l.48 \end{slide}
                

Overfull \hbox (0.7626pt too wide) has occurred while \output is active
[][] 
[20]
Overfull \hbox (0.7626pt too wide) in paragraph at lines 66--66
[][]  

LaTeX Warning: File `figures/logo/eletrica.png' not found on input line 66.


! Package pdftex.def Error: File `figures/logo/eletrica.png' not found: using d
raft setting.

See the pdftex.def package documentation for explanation.
Type  H <return>  for immediate help.
 ...                                              
                                                  
l.66 \end{slide}
                

Overfull \hbox (0.7626pt too wide) has occurred while \output is active
[][] 
[21 <./tcc_images/chap04/esquematizacao_regressao.png (PNG copy)>]
Overfull \hbox (0.7626pt too wide) in paragraph at lines 81--81
[][]  

LaTeX Warning: File `figures/logo/eletrica.png' not found on input line 81.


! Package pdftex.def Error: File `figures/logo/eletrica.png' not found: using d
raft setting.

See the pdftex.def package documentation for explanation.
Type  H <return>  for immediate help.
 ...                                              
                                                  
l.81 \end{slide}
                

Overfull \hbox (0.7626pt too wide) has occurred while \output is active
[][] 
[22]
Overfull \hbox (0.7626pt too wide) in paragraph at lines 91--91
[][]  

LaTeX Warning: File `figures/logo/eletrica.png' not found on input line 91.


! Package pdftex.def Error: File `figures/logo/eletrica.png' not found: using d
raft setting.

See the pdftex.def package documentation for explanation.
Type  H <return>  for immediate help.
 ...                                              
                                                  
l.91 \end{slide}
                

Overfull \hbox (0.7626pt too wide) has occurred while \output is active
[][] 
[23]
Overfull \hbox (0.7626pt too wide) in paragraph at lines 100--100
[][]  

LaTeX Warning: Citation `Villumsen2026' on page 24 undefined on input line 100.



LaTeX Warning: File `figures/logo/eletrica.png' not found on input line 100.


! Package pdftex.def Error: File `figures/logo/eletrica.png' not found: using d
raft setting.

See the pdftex.def package documentation for explanation.
Type  H <return>  for immediate help.
 ...                                              
                                                  
l.100 \end{slide}
                 

Overfull \hbox (0.7626pt too wide) has occurred while \output is active
[][] 
[24 <./tcc_images/chap04/validacao_esquema.png (PNG copy)>]
Overfull \hbox (0.7626pt too wide) in paragraph at lines 124--124
[][]  

LaTeX Warning: File `figures/logo/eletrica.png' not found on input line 124.


! Package pdftex.def Error: File `figures/logo/eletrica.png' not found: using d
raft setting.

See the pdftex.def package documentation for explanation.
Type  H <return>  for immediate help.
 ...                                              
                                                  
l.124 \end{slide}
                 

Overfull \hbox (0.7626pt too wide) has occurred while \output is active
[][] 
[25]
Overfull \hbox (0.7626pt too wide) in paragraph at lines 147--147
[][]  

Overfull \hbox (14.28787pt too wide) in paragraph at lines 147--147
 [][] 

LaTeX Warning: File `figures/logo/eletrica.png' not found on input line 147.


! Package pdftex.def Error: File `figures/logo/eletrica.png' not found: using d
raft setting.

See the pdftex.def package documentation for explanation.
Type  H <return>  for immediate help.
 ...                                              
                                                  
l.147 \end{slide}
                 

Overfull \hbox (0.7626pt too wide) has occurred while \output is active
[][] 
[26]
Overfull \hbox (0.7626pt too wide) in paragraph at lines 182--182
[][]  

LaTeX Warning: File `figures/logo/eletrica.png' not found on input line 182.


! Package pdftex.def Error: File `figures/logo/eletrica.png' not found: using d
raft setting.

See the pdftex.def package documentation for explanation.
Type  H <return>  for immediate help.
 ...                                              
                                                  
l.182 \end{slide}
                 

Overfull \hbox (0.7626pt too wide) has occurred while \output is active
[][] 
[27]
Overfull \hbox (0.7626pt too wide) in paragraph at lines 192--192
[][]  

LaTeX Warning: File `figures/logo/eletrica.png' not found on input line 192.


! Package pdftex.def Error: File `figures/logo/eletrica.png' not found: using d
raft setting.

See the pdftex.def package documentation for explanation.
Type  H <return>  for immediate help.
 ...                                              
                                                  
l.192 \end{slide}
                 

Overfull \hbox (0.7626pt too wide) has occurred while \output is active
[][] 
[28]
Overfull \hbox (0.7626pt too wide) in paragraph at lines 201--201
[][]  

LaTeX Warning: File `figures/logo/eletrica.png' not found on input line 201.


! Package pdftex.def Error: File `figures/logo/eletrica.png' not found: using d
raft setting.

See the pdftex.def package documentation for explanation.
Type  H <return>  for immediate help.
 ...                                              
                                                  
l.201 \end{slide}
                 

Overfull \hbox (0.7626pt too wide) has occurred while \output is active
[][] 
[29]
Overfull \hbox (0.7626pt too wide) in paragraph at lines 226--226
[][]  

Underfull \hbox (badness 10000) in paragraph at lines 226--226
[]|\T1/lmss/m/n/8 ┴rvores, pro-fun-di-dade, le-ar-

LaTeX Warning: File `figures/logo/eletrica.png' not found on input line 226.


! Package pdftex.def Error: File `figures/logo/eletrica.png' not found: using d
raft setting.

See the pdftex.def package documentation for explanation.
Type  H <return>  for immediate help.
 ...                                              
                                                  
l.226 \end{slide}
                 

Overfull \hbox (0.7626pt too wide) has occurred while \output is active
[][] 
[30]
Overfull \hbox (0.7626pt too wide) in paragraph at lines 245--245
[][]  

LaTeX Warning: File `figures/logo/eletrica.png' not found on input line 245.


! Package pdftex.def Error: File `figures/logo/eletrica.png' not found: using d
raft setting.

See the pdftex.def package documentation for explanation.
Type  H <return>  for immediate help.
 ...                                              
                                                  
l.245 \end{slide}
                 

Overfull \hbox (0.7626pt too wide) has occurred while \output is active
[][] 
[31]
Overfull \hbox (0.7626pt too wide) in paragraph at lines 271--271
[][]  

LaTeX Warning: File `figures/logo/eletrica.png' not found on input line 271.


! Package pdftex.def Error: File `figures/logo/eletrica.png' not found: using d
raft setting.

See the pdftex.def package documentation for explanation.
Type  H <return>  for immediate help.
 ...                                              
                                                  
l.271 \end{slide}
                 

Overfull \hbox (0.7626pt too wide) has occurred while \output is active
[][] 
[32]
Overfull \hbox (0.7626pt too wide) in paragraph at lines 299--299
[][]  

LaTeX Warning: File `figures/logo/eletrica.png' not found on input line 299.


! Package pdftex.def Error: File `figures/logo/eletrica.png' not found: using d
raft setting.

See the pdftex.def package documentation for explanation.
Type  H <return>  for immediate help.
 ...                                              
                                                  
l.299 \end{slide}
                 

Overfull \hbox (0.7626pt too wide) has occurred while \output is active
[][] 
[33]) (chapters/4_resultados.tex
Overfull \hbox (0.7626pt too wide) in paragraph at lines 1--1
[][]  
(presentationTCC.toc)

LaTeX Warning: File `figures/logo/eletrica.png' not found on input line 1.


! Package pdftex.def Error: File `figures/logo/eletrica.png' not found: using d
raft setting.

See the pdftex.def package documentation for explanation.
Type  H <return>  for immediate help.
 ...                                              
                                                  
l.1 \section{Resultados}
                        

Overfull \hbox (0.7626pt too wide) has occurred while \output is active
[][] 
[34]
Overfull \hbox (0.7626pt too wide) in paragraph at lines 17--17
[][]  

LaTeX Warning: File `figures/logo/eletrica.png' not found on input line 17.


! Package pdftex.def Error: File `figures/logo/eletrica.png' not found: using d
raft setting.

See the pdftex.def package documentation for explanation.
Type  H <return>  for immediate help.
 ...                                              
                                                  
l.17 \end{slide}
                

Overfull \hbox (0.7626pt too wide) has occurred while \output is active
[][] 
[35 <./tcc_images/chap06/scatter_vagmd_exp_only.png (PNG copy)>]
Overfull \hbox (0.7626pt too wide) in paragraph at lines 43--43
[][]  

LaTeX Warning: File `figures/logo/eletrica.png' not found on input line 43.


! Package pdftex.def Error: File `figures/logo/eletrica.png' not found: using d
raft setting.

See the pdftex.def package documentation for explanation.
Type  H <return>  for immediate help.
 ...                                              
                                                  
l.43 \end{slide}
                

Overfull \hbox (0.7626pt too wide) has occurred while \output is active
[][] 
[36 <./tcc_images/chap06/flux_real_vs_0d.png> <./tcc_images/chap06/alim_T_out_r
eal_vs_0d.png> <./tcc_images/chap06/ref_T_out_real_vs_0d.png>]
Overfull \hbox (0.7626pt too wide) in paragraph at lines 73--73
[][]  

LaTeX Warning: File `figures/logo/eletrica.png' not found on input line 73.


! Package pdftex.def Error: File `figures/logo/eletrica.png' not found: using d
raft setting.

See the pdftex.def package documentation for explanation.
Type  H <return>  for immediate help.
 ...                                              
                                                  
l.73 \end{slide}
                

Overfull \hbox (0.7626pt too wide) has occurred while \output is active
[][] 
[37]
Overfull \hbox (0.7626pt too wide) in paragraph at lines 105--105
[][]  

LaTeX Warning: File `figures/logo/eletrica.png' not found on input line 105.


! Package pdftex.def Error: File `figures/logo/eletrica.png' not found: using d
raft setting.

See the pdftex.def package documentation for explanation.
Type  H <return>  for immediate help.
 ...                                              
                                                  
l.105 \end{slide}
                 

Overfull \hbox (0.7626pt too wide) has occurred while \output is active
[][] 
[38]
Overfull \hbox (0.7626pt too wide) in paragraph at lines 123--123
[][]  

Overfull \hbox (16.26526pt too wide) in paragraph at lines 123--123
 [][] 

LaTeX Warning: File `figures/logo/eletrica.png' not found on input line 123.


! Package pdftex.def Error: File `figures/logo/eletrica.png' not found: using d
raft setting.

See the pdftex.def package documentation for explanation.
Type  H <return>  for immediate help.
 ...                                              
                                                  
l.123 \end{slide}
                 

Overfull \hbox (0.7626pt too wide) has occurred while \output is active
[][] 
[39]
Overfull \hbox (0.7626pt too wide) in paragraph at lines 149--149
[][]  

LaTeX Warning: File `figures/logo/eletrica.png' not found on input line 149.


! Package pdftex.def Error: File `figures/logo/eletrica.png' not found: using d
raft setting.

See the pdftex.def package documentation for explanation.
Type  H <return>  for immediate help.
 ...                                              
                                                  
l.149 \end{slide}
                 

Overfull \hbox (0.7626pt too wide) has occurred while \output is active
[][] 
[40]
Overfull \hbox (0.7626pt too wide) in paragraph at lines 180--180
[][]  

LaTeX Warning: File `figures/logo/eletrica.png' not found on input line 180.


! Package pdftex.def Error: File `figures/logo/eletrica.png' not found: using d
raft setting.

See the pdftex.def package documentation for explanation.
Type  H <return>  for immediate help.
 ...                                              
                                                  
l.180 \end{slide}
                 

Overfull \hbox (0.7626pt too wide) has occurred while \output is active
[][] 
[41]
Overfull \hbox (0.7626pt too wide) in paragraph at lines 197--197
[][]  

LaTeX Warning: File `figures/logo/eletrica.png' not found on input line 197.


! Package pdftex.def Error: File `figures/logo/eletrica.png' not found: using d
raft setting.

See the pdftex.def package documentation for explanation.
Type  H <return>  for immediate help.
 ...                                              
                                                  
l.197 \end{slide}
                 

Overfull \hbox (0.7626pt too wide) has occurred while \output is active
[][] 
[42]
Overfull \hbox (0.7626pt too wide) in paragraph at lines 223--223
[][]  

LaTeX Warning: File `figures/logo/eletrica.png' not found on input line 223.


! Package pdftex.def Error: File `figures/logo/eletrica.png' not found: using d
raft setting.

See the pdftex.def package documentation for explanation.
Type  H <return>  for immediate help.
 ...                                              
                                                  
l.223 \end{slide}
                 

Overfull \hbox (0.7626pt too wide) has occurred while \output is active
[][] 
[43 <./tcc_images/chap06/overlay_PhyResidual_Alim_T_out.png> <./tcc_images/chap
06/overlay_PhyResidual_Ref_T_out.png> <./tcc_images/chap06/overlay_PhyResidual_
Flux.png>]) (chapters/5_conclusoes.tex
Overfull \hbox (0.7626pt too wide) in paragraph at lines 1--1
[][]  
(presentationTCC.toc)

LaTeX Warning: File `figures/logo/eletrica.png' not found on input line 1.


! Package pdftex.def Error: File `figures/logo/eletrica.png' not found: using d
raft setting.

See the pdftex.def package documentation for explanation.
Type  H <return>  for immediate help.
 ...                                              
                                                  
l.1 \section{Conclus├Áes}
                         

Overfull \hbox (0.7626pt too wide) has occurred while \output is active
[][] 
[44]
Overfull \hbox (0.7626pt too wide) in paragraph at lines 16--16
[][]  

LaTeX Warning: File `figures/logo/eletrica.png' not found on input line 16.


! Package pdftex.def Error: File `figures/logo/eletrica.png' not found: using d
raft setting.

See the pdftex.def package documentation for explanation.
Type  H <return>  for immediate help.
 ...                                              
                                                  
l.16 \end{slide}
                

Overfull \hbox (0.7626pt too wide) has occurred while \output is active
[][] 
[45]
Overfull \hbox (0.7626pt too wide) in paragraph at lines 32--32
[][]  

LaTeX Warning: File `figures/logo/eletrica.png' not found on input line 32.


! Package pdftex.def Error: File `figures/logo/eletrica.png' not found: using d
raft setting.

See the pdftex.def package documentation for explanation.
Type  H <return>  for immediate help.
 ...                                              
                                                  
l.32 \end{slide}
                

Overfull \hbox (0.7626pt too wide) has occurred while \output is active
[][] 
[46]
Overfull \hbox (0.7626pt too wide) in paragraph at lines 56--56
[][]  

LaTeX Warning: Citation `Curcino2026' on page 47 undefined on input line 56.


LaTeX Warning: Citation `Villumsen2026' on page 47 undefined on input line 56.


LaTeX Warning: File `figures/logo/eletrica.png' not found on input line 56.


! Package pdftex.def Error: File `figures/logo/eletrica.png' not found: using d
raft setting.

See the pdftex.def package documentation for explanation.
Type  H <return>  for immediate help.
 ...                                              
                                                  
l.56 \end{slide}
                

Overfull \hbox (0.7626pt too wide) has occurred while \output is active
[][] 
[47])
Overfull \hbox (0.7626pt too wide) in paragraph at lines 109--109
[][]  
(presentationTCC.toc)

LaTeX Warning: File `figures/logo/eletrica.png' not found on input line 109.


! Package pdftex.def Error: File `figures/logo/eletrica.png' not found: using d
raft setting.

See the pdftex.def package documentation for explanation.
Type  H <return>  for immediate help.
 ...                                              
                                                  
l.109 \section{Refer├¬ncias Bibliogr├íficas}
                                            

Overfull \hbox (0.7626pt too wide) has occurred while \output is active
[][] 
[48]
Overfull \hbox (0.7626pt too wide) in paragraph at lines 131--131
[][]  

LaTeX Warning: File `figures/logo/eletrica.png' not found on input line 131.


! Package pdftex.def Error: File `figures/logo/eletrica.png' not found: using d
raft setting.

See the pdftex.def package documentation for explanation.
Type  H <return>  for immediate help.
 ...                                              
                                                  
l.131 \end{slideWithFrameBreaks}
                                

Overfull \hbox (0.7626pt too wide) has occurred while \output is active
[][] 
[49 <C:/Users/frota/AppData/Local/Programs/MiKTeX/tex/latex/beamer/beamericonar
ticle.pdf>]

LaTeX Warning: File `figures/logo/eletrica.png' not found on input line 131.


! Package pdftex.def Error: File `figures/logo/eletrica.png' not found: using d
raft setting.

See the pdftex.def package documentation for explanation.
Type  H <return>  for immediate help.
 ...                                              
                                                  
l.131 \end{slideWithFrameBreaks}
                                

Overfull \hbox (0.7626pt too wide) has occurred while \output is active
[][] 
[50] [51]
No file presentationTCC.bbl.
(presentationTCC.aux (chapters/1_introducao.aux) (chapters/2_revisao.aux)
(chapters/2a_fundamentacao.aux) (chapters/3_metodologia.aux)
(chapters/4_resultados.aux) (chapters/5_conclusoes.aux))

LaTeX Warning: There were undefined references.


LaTeX Warning: Label(s) may have changed. Rerun to get cross-references right.


Package rerunfilecheck Warning: File `presentationTCC.out' has changed.
(rerunfilecheck)                Rerun to get outlines right
(rerunfilecheck)                or use package `bookmark'.

 )
(see the transcript file for additional information)<C:/Users/frota/AppData/Loc
al/Programs/MiKTeX/fonts/type1/public/lm/lmmi10.pfb><C:/Users/frota/AppData/Loc
al/Programs/MiKTeX/fonts/type1/public/lm/lmmi5.pfb><C:/Users/frota/AppData/Loca
l/Programs/MiKTeX/fonts/type1/public/lm/lmmi6.pfb><C:/Users/frota/AppData/Local
/Programs/MiKTeX/fonts/type1/public/lm/lmmi7.pfb><C:/Users/frota/AppData/Local/
Programs/MiKTeX/fonts/type1/public/lm/lmmi8.pfb><C:/Users/frota/AppData/Local/P
rograms/MiKTeX/fonts/type1/public/lm/lmmi9.pfb><C:/Users/frota/AppData/Local/Pr
ograms/MiKTeX/fonts/type1/public/lm/lmr10.pfb><C:/Users/frota/AppData/Local/Pro
grams/MiKTeX/fonts/type1/public/lm/lmr5.pfb><C:/Users/frota/AppData/Local/Progr
ams/MiKTeX/fonts/type1/public/lm/lmr6.pfb><C:/Users/frota/AppData/Local/Program
s/MiKTeX/fonts/type1/public/lm/lmr7.pfb><C:/Users/frota/AppData/Local/Programs/
MiKTeX/fonts/type1/public/lm/lmr9.pfb><C:/Users/frota/AppData/Local/Programs/Mi
KTeX/fonts/type1/public/lm/lmss10.pfb><C:/Users/frota/AppData/Local/Programs/Mi
KTeX/fonts/type1/public/lm/lmss12.pfb><C:/Users/frota/AppData/Local/Programs/Mi
KTeX/fonts/type1/public/lm/lmss8.pfb><C:/Users/frota/AppData/Local/Programs/MiK
TeX/fonts/type1/public/lm/lmss9.pfb><C:/Users/frota/AppData/Local/Programs/MiKT
eX/fonts/type1/public/lm/lmssbo10.pfb><C:/Users/frota/AppData/Local/Programs/Mi
KTeX/fonts/type1/public/lm/lmssbx10.pfb><C:/Users/frota/AppData/Local/Programs/
MiKTeX/fonts/type1/public/lm/lmsso10.pfb><C:/Users/frota/AppData/Local/Programs
/MiKTeX/fonts/type1/public/lm/lmsso8.pfb><C:/Users/frota/AppData/Local/Programs
/MiKTeX/fonts/type1/public/lm/lmsso9.pfb><C:/Users/frota/AppData/Local/Programs
/MiKTeX/fonts/type1/public/lm/lmsy10.pfb><C:/Users/frota/AppData/Local/Programs
/MiKTeX/fonts/type1/public/lm/lmsy5.pfb><C:/Users/frota/AppData/Local/Programs/
MiKTeX/fonts/type1/public/lm/lmsy6.pfb><C:/Users/frota/AppData/Local/Programs/M
iKTeX/fonts/type1/public/lm/lmsy7.pfb><C:/Users/frota/AppData/Local/Programs/Mi
KTeX/fonts/type1/public/lm/lmsy8.pfb><C:/Users/frota/AppData/Local/Programs/MiK
TeX/fonts/type1/public/lm/lmsy9.pfb><C:/Users/frota/AppData/Local/Programs/MiKT
eX/fonts/type1/urw/courier/ucrr8a.pfb>
Output written on presentationTCC.pdf (51 pages, 6908469 bytes).
Transcript written on presentationTCC.log.
pdflatex : pdflatex: major issue: So far, you have not checked for MiKTeX updates.
No linha:1 caractere:75
+ ... ides_repo"; pdflatex -interaction=nonstopmode presentationTCC.tex > c ...
+                 ~~~~~~~~~~~~~~~~~~~~~~~~~~~~~~~~~~~~~~~~~~~~~~~~~~~~~~~~~
    + CategoryInfo          : NotSpecified: (pdflatex: major...MiKTeX updates.:String) [], RemoteException
    + FullyQualifiedErrorId : NativeCommandError
 
